[1A[2K[2m[WebServer] [22m[32mStarted HTTP and WebSocket JSON-RPC server at http://127.0.0.1:8545/[39m

[1A[2K[2m[WebServer] [22m
[2m[WebServer] [22mAccounts
[2m[WebServer] [22m========
[2m[WebServer] [22m
[2m[WebServer] [22m[1mWARNING: These accounts, and their private keys, are publicly known.[22m
[2m[WebServer] [22m[1mAny funds sent to them on Mainnet or any other live network WILL BE LOST.[22m
[2m[WebServer] [22m

[1A[2K[2m[WebServer] [22mAccount #0: 0xf39Fd6e51aad88F6F4ce6aB8827279cffFb92266 (10000 ETH)
[2m[WebServer] [22mPrivate Key: 0xac0974bec39a17e36ba4a6b4d238ff944bacb478cbed5efcae784d7bf4f2ff80

[1A[2K[2m[WebServer] [22m
[2m[WebServer] [22mAccount #1: 0x70997970C51812dc3A010C7d01b50e0d17dc79C8 (10000 ETH)
[2m[WebServer] [22mPrivate Key: 0x59c6995e998f97a5a0044966f0945389dc9e86dae88c7a8412f4603b6b78690d
[2m[WebServer] [22m

[1A[2K[2m[WebServer] [22mAccount #2: 0x3C44CdDdB6a900fa2b585dd299e03d12FA4293BC (10000 ETH)
[2m[WebServer] [22mPrivate Key: 0x5de4111afa1a4b94908f83103eb1f1706367c2e68ca870fc3fb9a804cdab365a
[2m[WebServer] [22m

[1A[2K[2m[WebServer] [22mAccount #3: 0x90F79bf6EB2c4f870365E785982E1f101E93b906 (10000 ETH)
[2m[WebServer] [22mPrivate Key: 0x7c852118294e51e653712a81e05800f419141751be58f605c371e15141b007a6
[2m[WebServer] [22m

[1A[2K[2m[WebServer] [22mAccount #4: 0x15d34AAf54267DB7D7c367839AAf71A00a2C6A65 (10000 ETH)
[2m[WebServer] [22mPrivate Key: 0x47e179ec197488593b187f80a00eb0da91f1b9d0b13f8733639f19c30a34926a

[1A[2K[2m[WebServer] [22m

[1A[2K[2m[WebServer] [22mAccount #5: 0x9965507D1a55bcC2695C58ba16FB37d819B0A4dc (10000 ETH)
[2m[WebServer] [22mPrivate Key: 0x8b3a350cf5c34c9194ca85829a2df0ec3153be0318b5e2d3348e872092edffba

[1A[2K[2m[WebServer] [22m

[1A[2K[2m[WebServer] [22mAccount #6: 0x976EA74026E726554dB657fA54763abd0C3a0aa9 (10000 ETH)
[2m[WebServer] [22mPrivate Key: 0x92db14e403b83dfe3df233f83dfa3a0d7096f21ca9b0d6d6b8d88b2b4ec1564e

[1A[2K[2m[WebServer] [22m

[1A[2K[2m[WebServer] [22mAccount #7: 0x14dC79964da2C08b23698B3D3cc7Ca32193d9955 (10000 ETH)
[2m[WebServer] [22mPrivate Key: 0x4bbbf85ce3377467afe5d46f804f221813b2bb87f24d81f60f1fcdbf7cbf4356
[2m[WebServer] [22m

[1A[2K[2m[WebServer] [22mAccount #8: 0x23618e81E3f5cdF7f54C3d65f7FBc0aBf5B21E8f (10000 ETH)
[2m[WebServer] [22mPrivate Key: 0xdbda1821b80551c9d65939329250298aa3472ba22feea921c0cf5d620ea67b97
[2m[WebServer] [22m

[1A[2K[2m[WebServer] [22mAccount #9: 0xa0Ee7A142d267C1f36714E4a8F75612F20a79720 (10000 ETH)
[2m[WebServer] [22mPrivate Key: 0x2a871d0798f97d79848a013d4936a73bf4cc922c825d33c1cf7073dff6d409c6
[2m[WebServer] [22m

[1A[2K[2m[WebServer] [22mAccount #10: 0xBcd4042DE499D14e55001CcbB24a551F3b954096 (10000 ETH)
[2m[WebServer] [22mPrivate Key: 0xf214f2b2cd398c806f84e317254e0f0b801d0643303237d97a22a48e01628897
[2m[WebServer] [22m

[1A[2K[2m[WebServer] [22mAccount #11: 0x71bE63f3384f5fb98995898A86B02Fb2426c5788 (10000 ETH)
[2m[WebServer] [22mPrivate Key: 0x701b615bbdfb9de65240bc28bd21bbc0d996645a3dd57e7b12bc2bdf6f192c82
[2m[WebServer] [22m

[1A[2K[2m[WebServer] [22mAccount #12: 0xFABB0ac9d68B0B445fB7357272Ff202C5651694a (10000 ETH)
[2m[WebServer] [22mPrivate Key: 0xa267530f49f8280200edf313ee7af6b827f2a8bce2897751d06a843f644967b1
[2m[WebServer] [22m

[1A[2K[2m[WebServer] [22mAccount #13: 0x1CBd3b2770909D4e10f157cABC84C7264073C9Ec (10000 ETH)
[2m[WebServer] [22mPrivate Key: 0x47c99abed3324a2707c28affff1267e45918ec8c3f20b8aa892e8b065d2942dd
[2m[WebServer] [22m

[1A[2K[2m[WebServer] [22mAccount #14: 0xdF3e18d64BC6A983f673Ab319CCaE4f1a57C7097 (10000 ETH)
[2m[WebServer] [22mPrivate Key: 0xc526ee95bf44d8fc405a158bb884d9d1238d99f0612e9f33d006bb0789009aaa

[1A[2K[2m[WebServer] [22m

[1A[2K[2m[WebServer] [22mAccount #15: 0xcd3B766CCDd6AE721141F452C550Ca635964ce71 (10000 ETH)
[2m[WebServer] [22mPrivate Key: 0x8166f546bab6da521a8369cab06c5d2b9e46670292d85c875ee9ec20e84ffb61
[2m[WebServer] [22m

[1A[2K[2m[WebServer] [22mAccount #16: 0x2546BcD3c84621e976D8185a91A922aE77ECEc30 (10000 ETH)
[2m[WebServer] [22mPrivate Key: 0xea6c44ac03bff858b476bba40716402b03e41b8e97e276d1baec7c37d42484a0
[2m[WebServer] [22m

[1A[2K[2m[WebServer] [22mAccount #17: 0xbDA5747bFD65F08deb54cb465eB87D40e51B197E (10000 ETH)
[2m[WebServer] [22mPrivate Key: 0x689af8efa8c651a91ad287602527f3af2fe9f6501a7ac4b061667b5a93e037fd
[2m[WebServer] [22m

[1A[2K[2m[WebServer] [22mAccount #18: 0xdD2FD4581271e230360230F9337D5c0430Bf44C0 (10000 ETH)
[2m[WebServer] [22mPrivate Key: 0xde9be858da4a475276426320d5e9262ecfc3ba460bfac56360bfa6c4c28b4ee0
[2m[WebServer] [22m

[1A[2K[2m[WebServer] [22mAccount #19: 0x8626f6940E2eb28930eFb4CeF49B2d1F2C9C1199 (10000 ETH)
[2m[WebServer] [22mPrivate Key: 0xdf57089febbacf7ba0bc227dafbffa9fc08a93fdc68e1e42411a14efcf23656e
[2m[WebServer] [22m

[1A[2K[2m[WebServer] [22m[1mWARNING: These accounts, and their private keys, are publicly known.[22m
[2m[WebServer] [22m[1mAny funds sent to them on Mainnet or any other live network WILL BE LOST.[22m
[2m[WebServer] [22m

[1A[2K[2m[WebServer] [22m
[2m[WebServer] [22m> my-project@0.0.0 dev
[2m[WebServer] [22m> vite --host
[2m[WebServer] [22m

[1A[2K[2m[WebServer] [22m
[2m[WebServer] [22m  [32m[1mVITE[22m v7.2.2[39m  [2mready in [0m[1m391[22m[2m[0m ms[22m
[2m[WebServer] [22m

[1A[2K[2m[WebServer] [22m  [32m➜[39m  [1mLocal[22m:   [36mhttp://localhost:[1m5173[22m/[39m

[1A[2K[2m[WebServer] [22m  [32m➜[39m  [1mNetwork[22m: [36mhttp://192.168.1.197:[1m5173[22m/[39m


Running 1 test using 1 worker

[1A[2K[1/1] [chromium] › tests\core-flow.spec.js:136:3 › E2E Happy Path Flow › Khởi tạo và chấp nhận hợp đồng
[1A[2K[2m[WebServer] [22m[32meth_chainId[0m

[1A[2K[2m[WebServer] [22m[32meth_getTransactionCount[0m

[1A[2K[2m[WebServer] [22m[32meth_estimateGas[0m

[1A[2K[2m[WebServer] [22m[32meth_chainId[0m

[1A[2K[2m[WebServer] [22m[32meth_chainId (2)[0m

[1A[2K[2m[WebServer] [22m[32meth_gasPrice[0m

[1A[2K[2m[WebServer] [22m[32meth_getBlockByNumber[0m
[2m[WebServer] [22m[32meth_maxPriorityFeePerGas[0m

[1A[2K[2m[WebServer] [22m[32meth_blockNumber[0m

[1A[2K[2m[WebServer] [22m[32meth_chainId[0m

[1A[2K[2m[WebServer] [22m[32meth_sendRawTransaction[0m

[1A[2K[2m[WebServer] [22m  Contract deployment: AgreementFactory
[2m[WebServer] [22m  Contract address:    0x5fbdb2315678afecb367f032d93f642f64180aa3

[1A[2K[2m[WebServer] [22m  Transaction:         0x3b08fdaf8ecf9e15654ed700157877dad474bbc2bcf360c4f00e0024926198c8

[1A[2K[2m[WebServer] [22m  From:                0xf39fd6e51aad88f6f4ce6ab8827279cfffb92266

[1A[2K[2m[WebServer] [22m  Value:               0 ETH

[1A[2K[2m[WebServer] [22m  Gas used:            3533013 of 3533013
[2m[WebServer] [22m  Block #1:            0x6d1933678caa38d1ba1b7c0296de0cbfb94bd530eff3ca163d0c7d5462d5e4ef

[1A[2K[2m[WebServer] [22m

[1A[2K[2m[WebServer] [22m[32meth_chainId[0m

[1A[2K[2m[WebServer] [22m[32meth_getTransactionReceipt[0m

[1A[2K[chromium] › tests\core-flow.spec.js:136:3 › E2E Happy Path Flow › Khởi tạo và chấp nhận hợp đồng
✅ Factory đã deploy ảo ở: 0x5FbDB2315678afecb367f032d93F642f64180aa3

[1A[2K[2m[WebServer] [22m[baseline-browser-mapping] The data in this module is over two months old.  To ensure accurate Baseline data, please update: `npm i baseline-browser-mapping@latest -D`

[1A[2K[2m[WebServer] [22m[2m8:04:23 PM[22m [36m[1m[vite][22m[39m [90m[2m(client)[22m[39m [32mhmr update [39m[2m/src/index.css[22m

[1A[2K[2m[WebServer] [22m[32meth_getBalance[0m

[1A[2K[2m[WebServer] [22m[2m8:04:24 PM[22m [36m[1m[vite][22m[39m [90m[2m(client)[22m[39m [32mhmr update [39m[2m/src/index.css[22m

[1A[2K[2m[WebServer] [22m[32meth_blockNumber[0m

[1A[2K[2m[WebServer] [22m[32meth_estimateGas[0m

[1A[2K[2m[WebServer] [22m[32meth_getBlockByNumber[0m

[1A[2K[2m[WebServer] [22m[32meth_feeHistory[0m

[1A[2K[2m[WebServer] [22m[32meth_sendTransaction[0m

[1A[2K[2m[WebServer] [22m  Contract call:       AgreementFactory#createAgreement
[2m[WebServer] [22m  Transaction:         0xb6d7e24a056fa37374a7bb84456fdff8515270fc09a7eff604499f12558b703c
[2m[WebServer] [22m  From:                0xf39fd6e51aad88f6f4ce6ab8827279cfffb92266

[1A[2K[2m[WebServer] [22m  To:                  0x5fbdb2315678afecb367f032d93f642f64180aa3
[2m[WebServer] [22m  Value:               0.5 ETH

[1A[2K[2m[WebServer] [22m  Gas used:            2230190 of 2230190

[1A[2K[2m[WebServer] [22m  Block #2:            0x35353f37cfcbe3d41f8c12776e44b7b5fca26e9b64be0bb6ea0cdf804bb5ff03

[1A[2K[2m[WebServer] [22m

[1A[2K[2m[WebServer] [22m[32meth_getTransactionByHash[0m

[1A[2K[2m[WebServer] [22m[32meth_getTransactionReceipt[0m

[1A[2K[2m[WebServer] [22m[32meth_getBalance[0m

[1A[2K[2m[WebServer] [22m[32meth_chainId[0m

[1A[2K[2m[WebServer] [22m[32meth_chainId (2)[0m

[1A[2K[2m[WebServer] [22m[32meth_getLogs[0m

[1A[2K[2m[WebServer] [22m[32meth_getLogs (2)[0m

[1A[2K  1) [chromium] › tests\core-flow.spec.js:136:3 › E2E Happy Path Flow › Khởi tạo và chấp nhận hợp đồng 

    [31mTest timeout of 30000ms exceeded.[39m

    Error: locator.click: Test timeout of 30000ms exceeded.
    Call log:
    [2m  - waiting for locator('button:has-text("Chấp nhận")').first()[22m


      200 |     // Hợp đồng mới tạo sẽ có nút "Chấp nhận"
      201 |     const acceptBtn = page.locator('button:has-text("Chấp nhận")').first();
    > 202 |     await acceptBtn.click();
          |                     ^
      203 |     
      204 |     // Đợi transition sang trang chi tiết hoặc toast thành công
      205 |     // Thường app redirect sang chi tiết sau khi nhận thầu
        at C:\Users\AnDuc\OneDrive - vnh3\GitHub\SmartContract\client\tests\core-flow.spec.js:202:21

    Error Context: test-results\core-flow-E2E-Happy-Path-Flow-Khởi-tạo-và-chấp-nhận-hợp-đồng-chromium\error-context.md


[1A[2K  1 failed
    [chromium] › tests\core-flow.spec.js:136:3 › E2E Happy Path Flow › Khởi tạo và chấp nhận hợp đồng 

[36m  Serving HTML report at http://localhost:64695. Press Ctrl+C to quit.[39m
